---
source: tui/src/diff_render.rs
assertion_line: 391
expression: terminal.backend()
---
"proposed patch to 1 file (+2 -2)                                                "
"  â”” example.txt                                                                 "
"    1      l                                                                    "
"           i                                                                    "
"           n                                                                    "
"           e                                                                    "
"                                                                                "
"                                                                                "
"           1                                                                    "
"    2     -l                                                                    "
"           i                                                                    "
"           n                                                                    "
"           e                                                                    "
"                                                                                "
"                                                                                "
"           2                                                                    "
