---
source: tui/src/diff_render.rs
assertion_line: 391
expression: terminal.backend()
---
"proposed patch to 1 file (+2 -0)                                                "
"  â”” README.md                                                                   "
"    1     +f                                                                    "
"           i                                                                    "
"           r                                                                    "
"           s                                                                    "
"           t                                                                    "
"                                                                                "
"                                                                                "
"           l                                                                    "
