---
source: tui/src/diff_render.rs
assertion_line: 391
expression: terminal.backend()
---
"proposed patch to 1 file (+1 -1)                                                "
"  â”” example.txt                                                                 "
"    1                                                                           "
"    2     -Y                                                                    "
"    2     +Y                                                                    "
"                                                                                "
"                                                                                "
"           c                                                                    "
"           h                                                                    "
"           a                                                                    "
