---
source: tui/src/diff_render.rs
assertion_line: 391
expression: terminal.backend()
---
"proposed patch to 1 file (+1 -1)                                                "
"  â”” README.md                                                                   "
"    1     -#                                                                    "
"                                                                                "
"                                                                                "
"           C                                                                    "
"           o                                                                    "
"           d                                                                    "
